=== QuantumTech Log Collector Run: Tue Jun 30 01:53:17 PM +07 2026 ===
----------------------------------------
Scanning Target: /var/log
----------------------------------------
[SKIPPED] /var/log/auth.log (Permission Denied)
[SKIPPED] /var/log/apport.log.1 (Permission Denied)
[SKIPPED] /var/log/dmesg.0 (Permission Denied)
[FILE] /var/log/ubuntu-advantage-apt-hook.log (0 bytes, owner: root)
[SKIPPED] /var/log/dmesg.4.gz (Permission Denied)
[FILE] /var/log/alternatives.log (17632 bytes, owner: root)
[SKIPPED] /var/log/xrdp-sesman.log (Permission Denied)
[FILE] /var/log/dpkg.log.3.gz (63327 bytes, owner: root)
[SKIPPED] /var/log/syslog.4.gz (Permission Denied)
[SKIPPED] /var/log/dmesg.1.gz (Permission Denied)
[SKIPPED] /var/log/lightdm/x-0.log.2.gz (Permission Denied)
[SKIPPED] /var/log/lightdm/lightdm.log.2.gz (Permission Denied)
[SKIPPED] /var/log/lightdm/lightdm.log.5.gz (Permission Denied)
[SKIPPED] /var/log/lightdm/seat0-greeter.log.2.gz (Permission Denied)
[SKIPPED] /var/log/lightdm/lightdm.log (Permission Denied)
[SKIPPED] /var/log/lightdm/seat0-greeter.log.1.gz (Permission Denied)
[SKIPPED] /var/log/lightdm/seat0-greeter.log.3.gz (Permission Denied)
[SKIPPED] /var/log/lightdm/seat0-greeter.log.5.gz (Permission Denied)
[SKIPPED] /var/log/lightdm/lightdm.log.3.gz (Permission Denied)
[SKIPPED] /var/log/lightdm/lightdm.log.4.gz (Permission Denied)
[SKIPPED] /var/log/lightdm/x-0.log.4.gz (Permission Denied)
[SKIPPED] /var/log/lightdm/lightdm.log.1.gz (Permission Denied)
[SKIPPED] /var/log/lightdm/seat0-greeter.log.4.gz (Permission Denied)
[SKIPPED] /var/log/lightdm/seat0-greeter.log (Permission Denied)
[SKIPPED] /var/log/lightdm/x-0.log (Permission Denied)
[SKIPPED] /var/log/lightdm/seat0-greeter.log.6.gz (Permission Denied)
[SKIPPED] /var/log/lightdm/x-0.log.1.gz (Permission Denied)
[SKIPPED] /var/log/lightdm/x-0.log.3.gz (Permission Denied)
[SKIPPED] /var/log/lightdm/seat0-greeter.log.7.gz (Permission Denied)
[SKIPPED] /var/log/xrdp.log.4.gz (Permission Denied)
[SKIPPED] /var/log/btmp (Permission Denied)
[FILE] /var/log/fontconfig.log (4629 bytes, owner: root)
[FILE] /var/log/Xorg.0.log.old (28314 bytes, owner: root)
[SKIPPED] /var/log/xrdp.log.2.gz (Permission Denied)
[SKIPPED] /var/log/cloud-init-output.log (Permission Denied)
[SKIPPED] /var/log/auth.log.2.gz (Permission Denied)
[FILE] /var/log/alternatives.log.3.gz (2435 bytes, owner: root)
[FILE] /var/log/sysstat/sa28 (342088 bytes, owner: root)
[FILE] /var/log/sysstat/sa29 (342088 bytes, owner: root)
[FILE] /var/log/sysstat/sa22 (342088 bytes, owner: root)
[FILE] /var/log/sysstat/sa23 (342088 bytes, owner: root)
[FILE] /var/log/sysstat/sa27 (342088 bytes, owner: root)
[FILE] /var/log/sysstat/sa25 (342088 bytes, owner: root)
[FILE] /var/log/sysstat/sar27 (568590 bytes, owner: root)
[FILE] /var/log/sysstat/sa26 (342088 bytes, owner: root)
[FILE] /var/log/sysstat/sa30 (200008 bytes, owner: root)
[FILE] /var/log/sysstat/sa24 (342088 bytes, owner: root)
[FILE] /var/log/sysstat/sar26 (568590 bytes, owner: root)
[FILE] /var/log/sysstat/sar28 (568590 bytes, owner: root)
[FILE] /var/log/sysstat/sar21 (568590 bytes, owner: root)
[FILE] /var/log/sysstat/sar25 (568590 bytes, owner: root)
[FILE] /var/log/sysstat/sar22 (568593 bytes, owner: root)
[FILE] /var/log/sysstat/sar29 (568590 bytes, owner: root)
[FILE] /var/log/sysstat/sar23 (568590 bytes, owner: root)
[FILE] /var/log/sysstat/sar24 (568590 bytes, owner: root)
[SKIPPED] /var/log/auth.log.3.gz (Permission Denied)
[SKIPPED] /var/log/apport.log.3.gz (Permission Denied)
[FILE] /var/log/faillog (0 bytes, owner: root)
[SKIPPED] /var/log/kern.log (Permission Denied)
[FILE] /var/log/landscape/sysinfo.log (0 bytes, owner: landscape)
[SKIPPED] /var/log/kern.log.2.gz (Permission Denied)
[SKIPPED] /var/log/syslog.2.gz (Permission Denied)
[SKIPPED] /var/log/auth.log.1 (Permission Denied)
[SKIPPED] /var/log/kern.log.4.gz (Permission Denied)
[SKIPPED] /var/log/xrdp-sesman.log.1.gz (Permission Denied)
[SKIPPED] /var/log/syslog (Permission Denied)
[FILE] /var/log/dpkg.log.2.gz (6489 bytes, owner: root)
[SKIPPED] /var/log/dmesg (Permission Denied)
[SKIPPED] /var/log/kern.log.3.gz (Permission Denied)
[SKIPPED] /var/log/syslog.1 (Permission Denied)
[SKIPPED] /var/log/xrdp-sesman.log.2.gz (Permission Denied)
[SKIPPED] /var/log/cups/access_log (Permission Denied)
[SKIPPED] /var/log/cups/access_log.1 (Permission Denied)
[SKIPPED] /var/log/cups/access_log.4.gz (Permission Denied)
[SKIPPED] /var/log/cups/access_log.3.gz (Permission Denied)
[SKIPPED] /var/log/cups/access_log.7.gz (Permission Denied)
[SKIPPED] /var/log/cups/access_log.6.gz (Permission Denied)
[SKIPPED] /var/log/cups/access_log.5.gz (Permission Denied)
[SKIPPED] /var/log/cups/access_log.2.gz (Permission Denied)
[SKIPPED] /var/log/apport.log.4.gz (Permission Denied)
[SKIPPED] /var/log/apport.log.5.gz (Permission Denied)
[SKIPPED] /var/log/cloud-init.log (Permission Denied)
[SKIPPED] /var/log/xrdp-sesman.log.3.gz (Permission Denied)
[SKIPPED] /var/log/apport.log (Permission Denied)
[FILE] /var/log/Xorg.0.log (27690 bytes, owner: root)
[SKIPPED] /var/log/btmp.1 (Permission Denied)
[SKIPPED] /var/log/xrdp.log.1.gz (Permission Denied)
[SKIPPED] /var/log/xrdp-sesman.log.4.gz (Permission Denied)
[FILE] /var/log/dpkg.log.1 (696978 bytes, owner: root)
[SKIPPED] /var/log/xrdp.log.3.gz (Permission Denied)
[FILE] /var/log/lastlog (334924 bytes, owner: root)
[SKIPPED] /var/log/dmesg.2.gz (Permission Denied)
[SKIPPED] /var/log/apt/term.log (Permission Denied)
[SKIPPED] /var/log/apt/term.log.3.gz (Permission Denied)
[FILE] /var/log/apt/history.log.3.gz (15580 bytes, owner: root)
[FILE] /var/log/apt/history.log.2.gz (1757 bytes, owner: root)
[SKIPPED] /var/log/apt/term.log.2.gz (Permission Denied)
[FILE] /var/log/apt/history.log.1.gz (14618 bytes, owner: root)
[FILE] /var/log/apt/history.log (14319 bytes, owner: root)
[SKIPPED] /var/log/apt/term.log.1.gz (Permission Denied)
[FILE] /var/log/apt/eipp.log.xz (60396 bytes, owner: root)
[SKIPPED] /var/log/apport.log.2.gz (Permission Denied)
[FILE] /var/log/bootstrap.log (61229 bytes, owner: root)
[SKIPPED] /var/log/xrdp.log (Permission Denied)
[SKIPPED] /var/log/dmesg.3.gz (Permission Denied)
[FILE] /var/log/alternatives.log.1 (39591 bytes, owner: root)
[SKIPPED] /var/log/auth.log.4.gz (Permission Denied)
[SKIPPED] /var/log/kern.log.1 (Permission Denied)
[SKIPPED] /var/log/syslog.3.gz (Permission Denied)
[FILE] /var/log/wtmp (912768 bytes, owner: root)
[FILE] /var/log/dpkg.log (124778 bytes, owner: root)
[FILE] /var/log/gpu-manager.log (1313 bytes, owner: root)
[FILE] /var/log/alternatives.log.2.gz (922 bytes, owner: root)
